[demo.themewinter.com/html/vinazine/indexdbca.html]
[backblue.gif]
[fade.gif]
[index.html]
[demo.themewinter.com/html/vinazine/css/bootstrap.min.css]
[demo.themewinter.com/html/vinazine/css/font-awesome.min.css]
[demo.themewinter.com/html/vinazine/css/animate.css]
[demo.themewinter.com/html/vinazine/css/icofonts.css]
[demo.themewinter.com/html/vinazine/css/owlcarousel.min.css]
[demo.themewinter.com/html/vinazine/css/slick.css]
[demo.themewinter.com/html/vinazine/css/navigation.css]
[demo.themewinter.com/html/vinazine/css/magnific-popup.css]
[demo.themewinter.com/html/vinazine/css/style.css]
[demo.themewinter.com/html/vinazine/css/colors/color-0.css]
[demo.themewinter.com/html/vinazine/css/responsive.css]
[demo.themewinter.com/html/vinazine/index.html]
[demo.themewinter.com/html/vinazine/images/banner/banner1.jpg]
[demo.themewinter.com/html/vinazine/images/logo/banner_logo.png]
[demo.themewinter.com/html/vinazine/images/logo/footer_logo.png]
[demo.themewinter.com/html/vinazine/index-2.html]
[demo.themewinter.com/html/vinazine/index-3.html]
[demo.themewinter.com/html/vinazine/index-4.html]
[demo.themewinter.com/html/vinazine/index-5.html]
[demo.themewinter.com/html/vinazine/index-6.html]
[demo.themewinter.com/html/vinazine/index-7.html]
[demo.themewinter.com/html/vinazine/index-8.html]
[demo.themewinter.com/html/vinazine/business.html]
[demo.themewinter.com/html/vinazine/technology.html]
[demo.themewinter.com/html/vinazine/food.html]
[demo.themewinter.com/html/vinazine/crypto.html]
[demo.themewinter.com/html/vinazine/health.html]
[demo.themewinter.com/html/vinazine/travel.html]
[demo.themewinter.com/html/vinazine/sports.html]
[demo.themewinter.com/html/vinazine/personal-blog.html]
[demo.themewinter.com/html/vinazine/images/news/health/health1.jpg]
[demo.themewinter.com/html/vinazine/images/news/health/health2.jpg]
[demo.themewinter.com/html/vinazine/images/news/health/health3.jpg]
[demo.themewinter.com/html/vinazine/images/news/foods/food1.jpg]
[demo.themewinter.com/html/vinazine/images/news/foods/food2.jpg]
[demo.themewinter.com/html/vinazine/images/news/foods/food3.jpg]
[demo.themewinter.com/html/vinazine/images/news/tech/tech1.jpg]
[demo.themewinter.com/html/vinazine/images/news/tech/tech2.jpg]
[demo.themewinter.com/html/vinazine/images/news/tech/tech3.jpg]
[demo.themewinter.com/html/vinazine/images/news/travel/travel2.jpg]
[demo.themewinter.com/html/vinazine/images/news/travel/travel3.jpg]
[demo.themewinter.com/html/vinazine/images/news/travel/travel4.jpg]
[demo.themewinter.com/html/vinazine/category-1.html]
[demo.themewinter.com/html/vinazine/images/news/tech/tech4.jpg]
[demo.themewinter.com/html/vinazine/category-2.html]
[demo.themewinter.com/html/vinazine/category-3.html]
[demo.themewinter.com/html/vinazine/category-4.html]
[demo.themewinter.com/html/vinazine/category-5.html]
[demo.themewinter.com/html/vinazine/category-6.html]
[demo.themewinter.com/html/vinazine/single-post-1.html]
[demo.themewinter.com/html/vinazine/single-post-2.html]
[demo.themewinter.com/html/vinazine/single-post-3.html]
[demo.themewinter.com/html/vinazine/single-post-4.html]
[demo.themewinter.com/html/vinazine/single-post-5.html]
[demo.themewinter.com/html/vinazine/single-post-6.html]
[demo.themewinter.com/html/vinazine/single-post-7.html]
[demo.themewinter.com/html/vinazine/single-post-8.html]
[demo.themewinter.com/html/vinazine/single-post-9.html]
[demo.themewinter.com/html/vinazine/single-post-10.html]
[demo.themewinter.com/html/vinazine/author.html]
[demo.themewinter.com/html/vinazine/contact.html]
[demo.themewinter.com/html/vinazine/login.html]
[demo.themewinter.com/html/vinazine/registration.html]
[demo.themewinter.com/html/vinazine/404.html]
[demo.themewinter.com/html/vinazine/images/news/travel/travel1.jpg]
[demo.themewinter.com/html/vinazine/images/avater/author1.jpg]
[demo.themewinter.com/html/vinazine/images/news/travel/travel10.jpg]
[demo.themewinter.com/html/vinazine/images/news/music/music1.jpg]
[demo.themewinter.com/html/vinazine/images/news/sports/sports2.jpg]
[demo.themewinter.com/html/vinazine/images/news/fashion/fashion4.jpg]
[demo.themewinter.com/html/vinazine/images/news/travel/travel6.jpg]
[demo.themewinter.com/html/vinazine/images/news/sports/sports1.jpg]
[demo.themewinter.com/html/vinazine/images/news/sports/sports4.jpg]
[demo.themewinter.com/html/vinazine/images/banner/sidebar-banner4.jpg]
[demo.themewinter.com/html/vinazine/images/news/fashion/fashion1.jpg]
[demo.themewinter.com/html/vinazine/images/news/music/music2.jpg]
[demo.themewinter.com/html/vinazine/images/banner/banner2.jpg]
[demo.themewinter.com/html/vinazine/images/news/fashion/fashion3.jpg]
[demo.themewinter.com/html/vinazine/images/news/fashion/fashion2.jpg]
[demo.themewinter.com/html/vinazine/images/news/sports/sports3.jpg]
[demo.themewinter.com/html/vinazine/images/banner/sidebar-banner1.jpg]
[demo.themewinter.com/html/vinazine/js/jquery.min.js]
[demo.themewinter.com/html/vinazine/js/navigation.js]
[demo.themewinter.com/html/vinazine/js/popper.min.js]
[demo.themewinter.com/html/vinazine/js/jquery.magnific-popup.min.js]
[demo.themewinter.com/html/vinazine/js/bootstrap.min.js]
[demo.themewinter.com/html/vinazine/js/owl-carousel.2.3.0.min.js]
[demo.themewinter.com/html/vinazine/js/slick.min.js]
[demo.themewinter.com/html/vinazine/js/smoothscroll.js]
[demo.themewinter.com/html/vinazine/js/main.js]
[demo.themewinter.com/html/vinazine/indexdbca.html]
[demo.themewinter.com/html/vinazine/css/bootstrap.min.css]
[demo.themewinter.com/html/vinazine/fonts/fontawesome-webfont3e6e.eot]
[demo.themewinter.com/html/vinazine/fonts/fontawesome-webfontd41d.eot]
[demo.themewinter.com/html/vinazine/fonts/fontawesome-webfont3e6e.woff2]
[demo.themewinter.com/html/vinazine/fonts/fontawesome-webfont3e6e.woff]
[demo.themewinter.com/html/vinazine/fonts/fontawesome-webfont3e6e.ttf]
[demo.themewinter.com/html/vinazine/css/font-awesome.min.css]
[demo.themewinter.com/html/vinazine/css/animate.css]
[demo.themewinter.com/html/vinazine/fonts/fontawesome-webfont3e6e.svg]
[demo.themewinter.com/html/vinazine/fonts/icofonts/icomoon3c3e.eot]
[demo.themewinter.com/html/vinazine/fonts/icofonts/icomoon3c3e.ttf]
[demo.themewinter.com/html/vinazine/fonts/icofonts/icomoon3c3e.woff]
[demo.themewinter.com/html/vinazine/fonts/icofonts/icomoon3c3e.svg]
[demo.themewinter.com/html/vinazine/css/icofonts.css]
[demo.themewinter.com/html/vinazine/css/owl.video.play.png]
[demo.themewinter.com/html/vinazine/css/owlcarousel.min.css]
[demo.themewinter.com/html/vinazine/css/slick.css]
[demo.themewinter.com/html/vinazine/css/navigation.css]
[demo.themewinter.com/html/vinazine/css/magnific-popup.css]
[demo.themewinter.com/html/vinazine/images/icon/angle.png]
[demo.themewinter.com/html/vinazine/css/style.css]
[demo.themewinter.com/html/vinazine/css/colors/color-0.css]
[demo.themewinter.com/html/vinazine/css/responsive.css]
[demo.themewinter.com/html/vinazine/index.html]
[demo.themewinter.com/html/vinazine/css/uikit.min.css]
[demo.themewinter.com/html/vinazine/css/colors/color-1.css]
[demo.themewinter.com/html/vinazine/images/logo/logo-v2.png]
[demo.themewinter.com/html/vinazine/images/banner/banner3.jpg]
[demo.themewinter.com/html/vinazine/images/news/tech/tech5.jpg]
[demo.themewinter.com/html/vinazine/images/news/travel/travel8.jpg]
[demo.themewinter.com/html/vinazine/images/banner/sidebar-banner2.jpg]
[demo.themewinter.com/html/vinazine/images/news/travel/travel9.jpg]
[demo.themewinter.com/html/vinazine/js/uikit-icons.js]
[demo.themewinter.com/html/vinazine/index-2.html]
[demo.themewinter.com/html/vinazine/js/uikit.min.js]
[demo.themewinter.com/html/vinazine/css/colors/color-2.css]
[demo.themewinter.com/html/vinazine/images/logo/logo_big.png]
[demo.themewinter.com/html/vinazine/images/banner-bg.png]
[demo.themewinter.com/html/vinazine/images/news/health/health8.jpg]
[demo.themewinter.com/html/vinazine/images/news/health/health7.jpg]
[demo.themewinter.com/html/vinazine/images/banner/sidebar-banner3.png]
[demo.themewinter.com/html/vinazine/images/news/foods/food8.jpg]
[demo.themewinter.com/html/vinazine/images/news/health/health4.jpg]
[demo.themewinter.com/html/vinazine/index-3.html]
[demo.themewinter.com/html/vinazine/css/colors/color-3.css]
[demo.themewinter.com/html/vinazine/images/news/fashion/fashion5.jpg]
[demo.themewinter.com/html/vinazine/images/banner/banner4.png]
[demo.themewinter.com/html/vinazine/images/news/business/business_2.jpg]
[demo.themewinter.com/html/vinazine/images/news/business/business_3.jpg]
[demo.themewinter.com/html/vinazine/images/news/business/business_1.jpg]
[demo.themewinter.com/html/vinazine/images/news/business/business_5.jpg]
[demo.themewinter.com/html/vinazine/index-4.html]
[demo.themewinter.com/html/vinazine/css/colors/color-4.css]
[demo.themewinter.com/html/vinazine/images/news/travel/travel7.jpg]
[demo.themewinter.com/html/vinazine/images/news/foods/food11.jpg]
[demo.themewinter.com/html/vinazine/images/news/foods/food12.jpg]
[demo.themewinter.com/html/vinazine/images/news/foods/food13.jpg]
[demo.themewinter.com/html/vinazine/images/news/foods/food14.jpg]
[demo.themewinter.com/html/vinazine/images/news/foods/food7.jpg]
[demo.themewinter.com/html/vinazine/index-5.html]
[demo.themewinter.com/html/vinazine/images/logo/logo_v6.png]
[demo.themewinter.com/html/vinazine/index-6.html]
[demo.themewinter.com/html/vinazine/css/jquery.mCustomScrollbar.css]
[demo.themewinter.com/html/vinazine/css/colors/color-14.css]
[demo.themewinter.com/html/vinazine/images/news/health/health6.jpg]
[demo.themewinter.com/html/vinazine/images/news/health/health9.jpg]
[demo.themewinter.com/html/vinazine/index-7.html]
[demo.themewinter.com/html/vinazine/js/jquery.mCustomScrollbar.concat.min.js]
[demo.themewinter.com/html/vinazine/css/colors/color-13.css]
[demo.themewinter.com/html/vinazine/images/banner/banner4.jpg]
[demo.themewinter.com/html/vinazine/index-8.html]
[demo.themewinter.com/html/vinazine/css/colors/color-8.css]
[demo.themewinter.com/html/vinazine/images/logo/business_logo.png]
[demo.themewinter.com/html/vinazine/images/news/business/business_4.jpg]
[demo.themewinter.com/html/vinazine/business.html]
[demo.themewinter.com/html/vinazine/css/colors/color-7.css]
[demo.themewinter.com/html/vinazine/images/logo/tech_logo.png]
[demo.themewinter.com/html/vinazine/images/news/tech/tech6.jpg]
[demo.themewinter.com/html/vinazine/images/video-bg.png]
[demo.themewinter.com/html/vinazine/images/logo/tech_white_logo.png]
[demo.themewinter.com/html/vinazine/technology.html]
[demo.themewinter.com/html/vinazine/css/colors/color-6.css]
[demo.themewinter.com/html/vinazine/images/logo/food_logo.png]
[demo.themewinter.com/html/vinazine/images/news/foods/food5.jpg]
[demo.themewinter.com/html/vinazine/images/news/foods/food6.jpg]
[demo.themewinter.com/html/vinazine/images/news/foods/food9.jpg]
[demo.themewinter.com/html/vinazine/images/news/foods/food10.jpg]
[demo.themewinter.com/html/vinazine/images/news/foods/food4.jpg]
[demo.themewinter.com/html/vinazine/images/instragram/instragram1.jpg]
[demo.themewinter.com/html/vinazine/images/instragram/instragram2.jpg]
[demo.themewinter.com/html/vinazine/images/instragram/instragram3.jpg]
[demo.themewinter.com/html/vinazine/images/instragram/instragram4.jpg]
[demo.themewinter.com/html/vinazine/images/instragram/instragram5.jpg]
[demo.themewinter.com/html/vinazine/images/instragram/instragram6.jpg]
[demo.themewinter.com/html/vinazine/food.html]
[demo.themewinter.com/html/vinazine/css/colors/color-5.css]
[demo.themewinter.com/html/vinazine/images/logo/crypto_logo.png]
[demo.themewinter.com/html/vinazine/images/news/bitcoin/bitcoin1.jpg]
[demo.themewinter.com/html/vinazine/images/news/bitcoin/bitcoin2.jpg]
[demo.themewinter.com/html/vinazine/images/news/bitcoin/bitcoin3.jpg]
[demo.themewinter.com/html/vinazine/images/icon/bitcoin2.png]
[demo.themewinter.com/html/vinazine/images/icon/bitcoin1.png]
[demo.themewinter.com/html/vinazine/images/icon/litcoin.png]
[demo.themewinter.com/html/vinazine/images/icon/lisk.png]
[demo.themewinter.com/html/vinazine/images/icon/game.png]
[demo.themewinter.com/html/vinazine/images/news/bitcoin/bitcoin4.jpg]
[demo.themewinter.com/html/vinazine/images/news/bitcoin/bitcoin5.jpg]
[demo.themewinter.com/html/vinazine/crypto.html]
[demo.themewinter.com/html/vinazine/css/colors/color-9.css]
[demo.themewinter.com/html/vinazine/images/logo/health_logo.png]
[demo.themewinter.com/html/vinazine/health.html]
[demo.themewinter.com/html/vinazine/css/colors/color-11.css]
[demo.themewinter.com/html/vinazine/images/logo/travel_logo.png]
[demo.themewinter.com/html/vinazine/images/news/travel/featured.jpg]
[demo.themewinter.com/html/vinazine/images/news/travel/travel11.jpg]
[demo.themewinter.com/html/vinazine/images/news/travel/travel12.jpg]
[demo.themewinter.com/html/vinazine/images/news/travel/travel5.jpg]
[demo.themewinter.com/html/vinazine/travel.html]
[demo.themewinter.com/html/vinazine/css/colors/color-10.css]
[demo.themewinter.com/html/vinazine/images/logo/sport_logo.png]
[demo.themewinter.com/html/vinazine/images/news/sports/featured1.png]
[demo.themewinter.com/html/vinazine/images/news/sports/featured2.png]
[demo.themewinter.com/html/vinazine/images/news/sports/featured3.png]
[demo.themewinter.com/html/vinazine/images/news/sports/featured4.png]
[demo.themewinter.com/html/vinazine/images/news/sports/sports6.jpg]
[demo.themewinter.com/html/vinazine/images/news/sports/sports5.jpg]
[demo.themewinter.com/html/vinazine/images/banner/banner_content.jpg]
[demo.themewinter.com/html/vinazine/images/banner/sidebar-banner5.jpg]
[demo.themewinter.com/html/vinazine/sports.html]
[demo.themewinter.com/html/vinazine/css/colors/color-12.css]
[demo.themewinter.com/html/vinazine/images/logo/Vinblog.png]
[demo.themewinter.com/html/vinazine/images/blog/banner_img.jpg]
[demo.themewinter.com/html/vinazine/images/blog/banner_img2.jpg]
[demo.themewinter.com/html/vinazine/images/blog/banner_img3.jpg]
[demo.themewinter.com/html/vinazine/images/blog/banner_img4.jpg]
[demo.themewinter.com/html/vinazine/images/blog/blog1.jpg]
[demo.themewinter.com/html/vinazine/images/blog/blog4.jpg]
[demo.themewinter.com/html/vinazine/images/blog/blog7.jpg]
[demo.themewinter.com/html/vinazine/images/blog/blog5.jpg]
[demo.themewinter.com/html/vinazine/images/blog/blog8.jpg]
[demo.themewinter.com/html/vinazine/images/blog/blog3.jpg]
[demo.themewinter.com/html/vinazine/images/blog/blog6.jpg]
[demo.themewinter.com/html/vinazine/images/banner/sidebar-banner6.jpg]
[demo.themewinter.com/html/vinazine/images/icon/newsletter-icon.png]
[demo.themewinter.com/html/vinazine/personal-blog.html]
[demo.themewinter.com/html/vinazine/category-1.html]
[demo.themewinter.com/html/vinazine/category-2.html]
[demo.themewinter.com/html/vinazine/category-3.html]
[demo.themewinter.com/html/vinazine/category-4.html]
[demo.themewinter.com/html/vinazine/category-5.html]
[demo.themewinter.com/html/vinazine/category-6.html]
[demo.themewinter.com/html/vinazine/images/avater/author.png]
[demo.themewinter.com/html/vinazine/images/news/news-details/post_style.jpg]
[demo.themewinter.com/html/vinazine/images/gallery/gallery1.jpg]
[demo.themewinter.com/html/vinazine/images/gallery/gallery2.jpg]
[demo.themewinter.com/html/vinazine/images/gallery/gallery3.jpg]
[demo.themewinter.com/html/vinazine/images/gallery/gallery4.jpg]
[demo.themewinter.com/html/vinazine/images/gallery/gallery5.jpg]
[demo.themewinter.com/html/vinazine/images/avatar/author.png]
[demo.themewinter.com/html/vinazine/images/avatar/author2.png]
[demo.themewinter.com/html/vinazine/single-post-1.html]
[demo.themewinter.com/html/vinazine/css/elusive-icons.min.css]
[demo.themewinter.com/html/vinazine/single-post-2.html]
[demo.themewinter.com/html/vinazine/images/news/author.png]
[demo.themewinter.com/html/vinazine/single-post-3.html]
[demo.themewinter.com/html/vinazine/single-post-4.html]
[demo.themewinter.com/html/vinazine/single-post-5.html]
[demo.themewinter.com/html/vinazine/single-post-6.html]
[demo.themewinter.com/html/vinazine/single-post-7.html]
[demo.themewinter.com/html/vinazine/single-post-8.html]
[demo.themewinter.com/html/vinazine/single-post-9.html]
[demo.themewinter.com/html/vinazine/single-post-10.html]
[demo.themewinter.com/html/vinazine/images/news/user1.png]
[demo.themewinter.com/html/vinazine/author.html]
[demo.themewinter.com/html/vinazine/contact.html]
[demo.themewinter.com/html/vinazine/login.html]
[demo.themewinter.com/html/vinazine/registration.html]
[demo.themewinter.com/cdn-cgi/scripts/5c5dd728/cloudflare-static/email-decode.min.js]
[demo.themewinter.com/html/vinazine/images/footer_logo.png]
[demo.themewinter.com/html/vinazine/404.html]
[demo.themewinter.com/html/vinazine/fonts/fontawesome-webfont3e6e.svg]
[demo.themewinter.com/html/vinazine/fonts/icofonts/icomoon3c3e.svg]
[demo.themewinter.com/html/vinazine/css/owl.video.play.html]
[demo.themewinter.com/html/vinazine/css/uikit.min.css]
[demo.themewinter.com/html/vinazine/css/colors/color-1.css]
[demo.themewinter.com/html/vinazine/css/colors/color-2.css]
[demo.themewinter.com/html/vinazine/css/colors/color-3.css]
[demo.themewinter.com/html/vinazine/css/colors/color-4.css]
[demo.themewinter.com/html/vinazine/css/jquery.mCustomScrollbar.css]
[demo.themewinter.com/html/vinazine/css/colors/color-14.css]
[demo.themewinter.com/html/vinazine/css/colors/color-13.css]
[demo.themewinter.com/html/vinazine/css/colors/color-8.css]
[demo.themewinter.com/html/vinazine/css/colors/color-7.css]
[demo.themewinter.com/html/vinazine/css/colors/color-6.css]
[demo.themewinter.com/html/vinazine/css/colors/color-5.css]
[demo.themewinter.com/html/vinazine/css/colors/color-9.css]
[demo.themewinter.com/html/vinazine/css/colors/color-11.css]
[demo.themewinter.com/html/vinazine/css/colors/color-10.css]
[demo.themewinter.com/html/vinazine/css/colors/color-12.css]
[demo.themewinter.com/html/vinazine/images/avatar/author.html]
[demo.themewinter.com/html/vinazine/images/avatar/author2.html]
[demo.themewinter.com/html/vinazine/css/elusive-icons.min.html]
[demo.themewinter.com/html/vinazine/images/footer_logo.html]
